附件 

 
 
 
 

中华人民共和国进出口税则  
(2026)   

 
 
 
 
 

国务院关税税则委员会   编 
 
 

 

 
 



 

规则与说明 
 

《中华人民共和国进出口税则》（以下简称《税则》）是《中华人民共和国关税法》的附件。《税则》包括规则与说明、

进口税则、出口税则三个部分。国务院关税税则委员会负责定期编纂、发布《税则》，解释《税则》的税目、税率。 

一、进口税则 

进口税则包括税目税率表与归类总规则、类注、章注、子目注释、本国子目注释。税目税率表设置序号、税则号列、货

品名称、最惠国税率、协定税率、特惠税率、普通税率等栏目。 

（一）关税税目 

关税税目以世界海关组织《商品名称及编码协调制度》（以下简称《协调制度》）为基础，由税则号列（以下简称税号）

和目录条文等组成。其中，税号在税则号列栏中列示，目录条文在货品名称栏中列示。税号采用 8 位数字编码结构，前 6

位数字及对应的目录条文与《协调制度》保持一致；第 7、8 位数字及对应的目录条文是依据《协调制度》的分类原则和方

